KNN
Development set: 845 images, test set: 209 images (20 patient groups)

Fold 1: accuracy 0.7917 | macro F1 0.6156 | benign recall 0.1538
Fold 2: accuracy 0.8171 | macro F1 0.6413 | benign recall 0.2308
Fold 3: accuracy 0.7470 | macro F1 0.6465 | benign recall 0.5333
Fold 4: accuracy 0.7207 | macro F1 0.6058 | benign recall 0.2069
Fold 5: accuracy 0.7143 | macro F1 0.5738 | benign recall 0.2143

Cross-validation on the development set (mean +- std):
  accuracy: 0.7581 +- 0.0401
  macro_f1: 0.6166 +- 0.0263
  benign_recall: 0.2678 +- 0.1352
  malignant_recall: 0.8590 +- 0.0789

Held-out test set:
  accuracy: 0.7608
  macro_f1: 0.6223
  benign_recall: 0.3333
  malignant_recall: 0.9000
              precision    recall  f1-score   support

      Benign     0.1875    0.3333    0.2400        18
   Malignant     0.9429    0.9000    0.9209       110
      Normal     0.7500    0.6667    0.7059        81

    accuracy                         0.7608       209
   macro avg     0.6268    0.6333    0.6223       209
weighted avg     0.8031    0.7608    0.7789       209

[[ 6  0 12]
 [ 5 99  6]
 [21  6 54]]
