Naive Bayes
Development set: 845 images, test set: 209 images (20 patient groups)

Fold 1: accuracy 0.8155 | macro F1 0.6217 | benign recall 0.1538
Fold 2: accuracy 0.6402 | macro F1 0.5014 | benign recall 0.2308
Fold 3: accuracy 0.6867 | macro F1 0.5644 | benign recall 0.2667
Fold 4: accuracy 0.5866 | macro F1 0.5005 | benign recall 0.1379
Fold 5: accuracy 0.6071 | macro F1 0.5208 | benign recall 0.3571

Cross-validation on the development set (mean +- std):
  accuracy: 0.6672 +- 0.0815
  macro_f1: 0.5417 +- 0.0462
  benign_recall: 0.2293 +- 0.0797
  malignant_recall: 0.7847 +- 0.1440

Held-out test set:
  accuracy: 0.7512
  macro_f1: 0.6727
  benign_recall: 0.6111
  malignant_recall: 0.7364
              precision    recall  f1-score   support

      Benign     0.3333    0.6111    0.4314        18
   Malignant     0.9878    0.7364    0.8438       110
      Normal     0.6915    0.8025    0.7429        81

    accuracy                         0.7512       209
   macro avg     0.6709    0.7166    0.6727       209
weighted avg     0.8166    0.7512    0.7691       209

[[11  0  7]
 [ 7 81 22]
 [15  1 65]]
